<body class="site"><article class="sub">Test Nested</article></body>