<body><section>
  <p>Start Ben</p>
  <div>User Matt</div>
  <div>User Dan</div>
  <div>User Sam</div>
  <p>End Ben</p>
</section></body>