<body><h1>Fun, Fun, Fun</h1>
<p>Was had by all!</p></body>