<h1>Test</h1>
<p>Hello <wrap><div>User</div></wrap>.</p>