<body class="site"><h1>Hello My Friend</h1>

<p>How are you?</p>
</body>