<body><section><span>Nested.</span></section></body>