<body><h1>Comics</h1>
<div>X-Men art by Jim Lee</div>
<div>Spider-Man art by Erik Larsen</div>
</body>