<body><ul>
  <li>Test Title</li>
  <li>Another Title</li>
</ul>
</body>