<h1>My First Post</h1><img src="../media/crap.png" /><p>Go to <a href="../about/hell">Hell</a></p>
