<body class="site">  <div>Matt</div>
  <div>Matt</div>
  <div>Matt</div>
  <div>Other</div>
</body>