<body class="site">One Two Three Four Five!</body>