<body class="site"><p><wrap><div>User</div></wrap></p></body>