<body class="site"><h1>Movies</h1>
<ul>
  <li>Super 8</li>
  <li>Star Trek</li>
  <li>The Avengers</li>
</ul></body>