<body class="site"><ul>
<li>Bland</li>
<li>More Bland</li>
</ul></body>