<body class="site"><ul>
  <li>One</li>
  <li>Two</li>
</ul>
</body>