<body class="site"><ul>
  <li>Transformers (1984)</li>
  <li>Thundercats (1984)</li>
  <li>M.A.S.K. (1985)</li>
</ul></body>