<body class="site"><h1>I got stuff to say.</h1>

<p>Are you going to listen?</p>

<p>Visit <a href="http://zoodotcom.com">http://zoodotcom.com</a> for fun and profit!</p>
</body>