
    <a href='../../index.html'>Home</a>
    <a href="../../index.html">Home</a>
    <a href = "../../index.html">Home</a>

    <img src='../../logo.png'>
    <img src="../../logo.png">
    <img src = '../../logo.png'>

    <data data='../../logo.png'>
    <data data="../../logo.png">
    <data data = '../../logo.png'>
    