<section class="hentry">
  <h2>Test Title</h2>
  <div>Test Body</div>
</section>