<section class="hentry">
  <h2>Another Title</h2>
  <div></div>
</section>