<body class="site"><wrap><section class="hentry">
  <h2>Another Title</h2>
  <div></div>
</section></wrap></body>